// Jest Snapshot v1, https://goo.gl/fbAQLP

exports[` 1`] = `
<div>
  loading
</div>
`;

exports[`User Interactions test will test user interaction 1`] = `
<div>
  loading
</div>
`;
